// Jest Snapshot v1, https://goo.gl/fbAQLP

exports[`Bio renders corectly 1`] = `
<div
  className="bio"
/>
`;
